// Jest Snapshot v1, https://goo.gl/fbAQLP

exports[`Should render correctly 1`] = `
<div
  className="catalog__movies-list"
>
  <article
    className="small-movie-card catalog__movies-card"
  >
    <div
      className="small-movie-card__image"
      onMouseOver={[Function]}
    >
      <img
        alt="Fantastic Beasts: The Crimes of Grindelwald"
        height="175"
        onClick={[Function]}
        src="img/fantastic-beasts-the-crimes-of-grindelwald.jpg"
        width="280"
      />
    </div>
    <h3
      className="small-movie-card__title"
      onClick={[Function]}
    >
      <a
        className="small-movie-card__link"
        href="movie-page.html"
      >
        Fantastic Beasts: The Crimes of Grindelwald
      </a>
    </h3>
  </article>
  <article
    className="small-movie-card catalog__movies-card"
  >
    <div
      className="small-movie-card__image"
      onMouseOver={[Function]}
    >
      <img
        alt="Pulp Fiction"
        height="175"
        onClick={[Function]}
        src="img/pulp-fiction.jpg"
        width="280"
      />
    </div>
    <h3
      className="small-movie-card__title"
      onClick={[Function]}
    >
      <a
        className="small-movie-card__link"
        href="movie-page.html"
      >
        Pulp Fiction
      </a>
    </h3>
  </article>
  <article
    className="small-movie-card catalog__movies-card"
  >
    <div
      className="small-movie-card__image"
      onMouseOver={[Function]}
    >
      <img
        alt="Shutter Island"
        height="175"
        onClick={[Function]}
        src="img/shutter-island.jpg"
        width="280"
      />
    </div>
    <h3
      className="small-movie-card__title"
      onClick={[Function]}
    >
      <a
        className="small-movie-card__link"
        href="movie-page.html"
      >
        Shutter Island
      </a>
    </h3>
  </article>
  <article
    className="small-movie-card catalog__movies-card"
  >
    <div
      className="small-movie-card__image"
      onMouseOver={[Function]}
    >
      <img
        alt="Macbeth"
        height="175"
        onClick={[Function]}
        src="img/macbeth.jpg"
        width="280"
      />
    </div>
    <h3
      className="small-movie-card__title"
      onClick={[Function]}
    >
      <a
        className="small-movie-card__link"
        href="movie-page.html"
      >
        Macbeth
      </a>
    </h3>
  </article>
  <article
    className="small-movie-card catalog__movies-card"
  >
    <div
      className="small-movie-card__image"
      onMouseOver={[Function]}
    >
      <img
        alt="Snatch"
        height="175"
        onClick={[Function]}
        src="img/snatch.jpg"
        width="280"
      />
    </div>
    <h3
      className="small-movie-card__title"
      onClick={[Function]}
    >
      <a
        className="small-movie-card__link"
        href="movie-page.html"
      >
        Snatch
      </a>
    </h3>
  </article>
  <article
    className="small-movie-card catalog__movies-card"
  >
    <div
      className="small-movie-card__image"
      onMouseOver={[Function]}
    >
      <img
        alt="We need to talk about Kevin"
        height="175"
        onClick={[Function]}
        src="img/we-need-to-talk-about-kevin.jpg"
        width="280"
      />
    </div>
    <h3
      className="small-movie-card__title"
      onClick={[Function]}
    >
      <a
        className="small-movie-card__link"
        href="movie-page.html"
      >
        We need to talk about Kevin
      </a>
    </h3>
  </article>
  <article
    className="small-movie-card catalog__movies-card"
  >
    <div
      className="small-movie-card__image"
      onMouseOver={[Function]}
    >
      <img
        alt="Bohemian Rhapsody"
        height="175"
        onClick={[Function]}
        src="img/bohemian-rhapsody.jpg"
        width="280"
      />
    </div>
    <h3
      className="small-movie-card__title"
      onClick={[Function]}
    >
      <a
        className="small-movie-card__link"
        href="movie-page.html"
      >
        Bohemian Rhapsody
      </a>
    </h3>
  </article>
  <article
    className="small-movie-card catalog__movies-card"
  >
    <div
      className="small-movie-card__image"
      onMouseOver={[Function]}
    >
      <img
        alt="Revenant"
        height="175"
        onClick={[Function]}
        src="img/revenant.jpg"
        width="280"
      />
    </div>
    <h3
      className="small-movie-card__title"
      onClick={[Function]}
    >
      <a
        className="small-movie-card__link"
        href="movie-page.html"
      >
        Revenant
      </a>
    </h3>
  </article>
</div>
`;
